Copyright 1986-2018 Xilinx, Inc. All Rights Reserved.
---------------------------------------------------------------------------------------------------------------------------------------------------
| Tool Version : Vivado v.2018.3 (lin64) Build 2405991 Thu Dec  6 23:36:41 MST 2018
| Date         : Sat Nov 23 16:12:17 2019
| Host         : rootieW running 64-bit Ubuntu 18.10
| Command      : report_drc -file risc16System_wrapper_drc_opted.rpt -pb risc16System_wrapper_drc_opted.pb -rpx risc16System_wrapper_drc_opted.rpx
| Design       : risc16System_wrapper
| Device       : xc7a100tcsg324-1
| Speed File   : -1
| Design State : Synthesized
---------------------------------------------------------------------------------------------------------------------------------------------------

Report DRC

Table of Contents
-----------------
1. REPORT SUMMARY
2. REPORT DETAILS

1. REPORT SUMMARY
-----------------
            Netlist: netlist
          Floorplan: design_1
      Design limits: <entire design considered>
           Ruledeck: default
             Max violations: <unlimited>
             Violations found: 3
+-------------+----------+-------------------------------------------------------------+------------+
| Rule        | Severity | Description                                                 | Violations |
+-------------+----------+-------------------------------------------------------------+------------+
| CFGBVS-1    | Warning  | Missing CFGBVS and CONFIG_VOLTAGE Design Properties         | 1          |
| PLHOLDVIO-2 | Warning  | Non-Optimal connections which could lead to hold violations | 2          |
+-------------+----------+-------------------------------------------------------------+------------+

2. REPORT DETAILS
-----------------
CFGBVS-1#1 Warning
Missing CFGBVS and CONFIG_VOLTAGE Design Properties  
Neither the CFGBVS nor CONFIG_VOLTAGE voltage property is set in the current_design.  Configuration bank voltage select (CFGBVS) must be set to VCCO or GND, and CONFIG_VOLTAGE must be set to the correct configuration voltage, in order to determine the I/O voltage support for the pins in bank 0.  It is suggested to specify these either using the 'Edit Device Properties' function in the GUI or directly in the XDC file using the following syntax:

 set_property CFGBVS value1 [current_design]
 #where value1 is either VCCO or GND

 set_property CONFIG_VOLTAGE value2 [current_design]
 #where value2 is the voltage provided to configuration bank 0

Refer to the device configuration user guide for more information.
Related violations: <none>

PLHOLDVIO-2#1 Warning
Non-Optimal connections which could lead to hold violations  
A LUT risc16System_i/Clocks/Clk_Mux/inst/mux_out__0 is driving clock pin of 128 cells. This could lead to large hold time violations. Involved cells are:
risc16System_i/Risc16_CPU/inst/cpu_gpr/r_reg[1][0], risc16System_i/Risc16_CPU/inst/cpu_gpr/r_reg[1][10], risc16System_i/Risc16_CPU/inst/cpu_gpr/r_reg[1][11], risc16System_i/Risc16_CPU/inst/cpu_gpr/r_reg[1][12], risc16System_i/Risc16_CPU/inst/cpu_gpr/r_reg[1][13], risc16System_i/Risc16_CPU/inst/cpu_gpr/r_reg[1][14], risc16System_i/Risc16_CPU/inst/cpu_gpr/r_reg[1][15], risc16System_i/Risc16_CPU/inst/cpu_gpr/r_reg[1][1], risc16System_i/Risc16_CPU/inst/cpu_gpr/r_reg[1][2], risc16System_i/Risc16_CPU/inst/cpu_gpr/r_reg[1][3], risc16System_i/Risc16_CPU/inst/cpu_gpr/r_reg[1][4], risc16System_i/Risc16_CPU/inst/cpu_gpr/r_reg[1][5], risc16System_i/Risc16_CPU/inst/cpu_gpr/r_reg[1][6], risc16System_i/Risc16_CPU/inst/cpu_gpr/r_reg[1][7], risc16System_i/Risc16_CPU/inst/cpu_gpr/r_reg[1][8] (the first 15 of 128 listed)
Related violations: <none>

PLHOLDVIO-2#2 Warning
Non-Optimal connections which could lead to hold violations  
A LUT risc16System_i/Memory/MCU/mem_clk_INST_0 is driving clock pin of 4372 cells. This could lead to large hold time violations. Involved cells are:
risc16System_i/Memory/Ctrl_Registers/inst/mem_reg[0][0], risc16System_i/Memory/Ctrl_Registers/inst/mem_reg[0][10], risc16System_i/Memory/Ctrl_Registers/inst/mem_reg[0][11], risc16System_i/Memory/Ctrl_Registers/inst/mem_reg[0][12], risc16System_i/Memory/Ctrl_Registers/inst/mem_reg[0][13], risc16System_i/Memory/Ctrl_Registers/inst/mem_reg[0][14], risc16System_i/Memory/Ctrl_Registers/inst/mem_reg[0][15], risc16System_i/Memory/Ctrl_Registers/inst/mem_reg[0][1], risc16System_i/Memory/Ctrl_Registers/inst/mem_reg[0][2], risc16System_i/Memory/Ctrl_Registers/inst/mem_reg[0][3], risc16System_i/Memory/Ctrl_Registers/inst/mem_reg[0][4], risc16System_i/Memory/Ctrl_Registers/inst/mem_reg[0][5], risc16System_i/Memory/Ctrl_Registers/inst/mem_reg[0][6], risc16System_i/Memory/Ctrl_Registers/inst/mem_reg[0][7], risc16System_i/Memory/Ctrl_Registers/inst/mem_reg[0][8] (the first 15 of 4372 listed)
Related violations: <none>


