Copyright 1986-2018 Xilinx, Inc. All Rights Reserved.
-------------------------------------------------------------------------------------------------
| Tool Version : Vivado v.2018.3 (lin64) Build 2405991 Thu Dec  6 23:36:41 MST 2018
| Date         : Wed Oct 23 20:51:40 2019
| Host         : rootie-ThinkPad-X1 running 64-bit Ubuntu 18.04.3 LTS
| Command      : report_control_sets -verbose -file risc16System_wrapper_control_sets_placed.rpt
| Design       : risc16System_wrapper
| Device       : xc7a100t
-------------------------------------------------------------------------------------------------

Control Set Information

Table of Contents
-----------------
1. Summary
2. Histogram
3. Flip-Flop Distribution
4. Detailed Control Set Information

1. Summary
----------

+----------------------------------------------------------+-------+
|                          Status                          | Count |
+----------------------------------------------------------+-------+
| Number of unique control sets                            |   295 |
| Unused register locations in slices containing registers |   109 |
+----------------------------------------------------------+-------+


2. Histogram
------------

+--------+--------------+
| Fanout | Control Sets |
+--------+--------------+
|      1 |            1 |
|      2 |            1 |
|      3 |            5 |
|      4 |            3 |
|      5 |            1 |
|      7 |            4 |
|      8 |            2 |
|      9 |            1 |
|     10 |            3 |
|     11 |            1 |
|     14 |            1 |
|    16+ |          272 |
+--------+--------------+


3. Flip-Flop Distribution
-------------------------

+--------------+-----------------------+------------------------+-----------------+--------------+
| Clock Enable | Synchronous Set/Reset | Asynchronous Set/Reset | Total Registers | Total Slices |
+--------------+-----------------------+------------------------+-----------------+--------------+
| No           | No                    | No                     |             140 |           53 |
| No           | No                    | Yes                    |               0 |            0 |
| No           | Yes                   | No                     |              15 |            6 |
| Yes          | No                    | No                     |            5021 |         2430 |
| Yes          | No                    | Yes                    |               0 |            0 |
| Yes          | Yes                   | No                     |              99 |           28 |
+--------------+-----------------------+------------------------+-----------------+--------------+


4. Detailed Control Set Information
-----------------------------------

+-------------------------------------------------------------------------+-----------------------------------------------------------------------+---------------------------------------------------------------------+------------------+----------------+
|                               Clock Signal                              |                             Enable Signal                             |                           Set/Reset Signal                          | Slice Load Count | Bel Load Count |
+-------------------------------------------------------------------------+-----------------------------------------------------------------------+---------------------------------------------------------------------+------------------+----------------+
|  risc16System_i/Memory/MCU/inst/addr_out0                               |                                                                       | risc16System_i/Memory/MCU/inst/sys_mem_rw_reg_i_2_n_0               |                1 |              1 |
|  risc16System_i/Risc16_CPU/inst/cpu_ctrl/alu_op_code_reg[1]_i_1_n_0     |                                                                       |                                                                     |                1 |              2 |
|  risc16System_i/Risc16_CPU/inst/cpu_ctrl/gpr_read_addr_1_reg[2]_i_2_n_0 |                                                                       |                                                                     |                1 |              3 |
|  risc16System_i/Clocks/VGA_25MHz_CLK/inst/clk_out1                      | risc16System_i/vga_0/inst/hcount_ov                                   | risc16System_i/vga_0/inst/vcount                                    |                1 |              3 |
|  risc16System_i/Risc16_CPU/inst/cpu_ctrl/gpr_read_addr_0_reg[2]_i_2_n_0 |                                                                       |                                                                     |                1 |              3 |
|  risc16System_i/Memory/MCU/mem_clk                                      |                                                                       |                                                                     |                1 |              3 |
| ~BTND_IBUF                                                              |                                                                       |                                                                     |                1 |              3 |
|  risc16System_i/Clocks/VGA_25MHz_CLK/inst/clk_out1                      | risc16System_i/vga_0/inst/p_4_in                                      | risc16System_i/vga_0/inst/ten_px_count                              |                1 |              4 |
|  risc16System_i/Clocks/VGA_25MHz_CLK/inst/clk_out1                      | risc16System_i/vga_0/inst/horz_l_count[3]_i_2_n_0                     | risc16System_i/vga_0/inst/horz_l_count[3]_i_1_n_0                   |                1 |              4 |
|  risc16System_i/Clocks/clk_div_by_10/inst/clk_out                       |                                                                       | risc16System_i/Nexys_Peripherals/nexys_7seg_display/inst/cur_seg[1] |                1 |              4 |
|  risc16System_i/Risc16_CPU/inst/cpu_ctrl/gpr_write_addr_reg[2]_i_1_n_0  |                                                                       |                                                                     |                2 |              5 |
|  risc16System_i/Risc16_CPU/inst/cpu_ctrl/imm_reg[6]_i_1_n_0             |                                                                       |                                                                     |                3 |              7 |
|  risc16System_i/Clocks/VGA_25MHz_CLK/inst/clk_out1                      | risc16System_i/vga_0/inst/p_0_in_48                                   | risc16System_i/vga_0/inst/cur_px[6]_i_1_n_0                         |                3 |              7 |
|  risc16System_i/Clocks/VGA_25MHz_CLK/inst/clk_out1                      | risc16System_i/vga_0/inst/hcount_ov                                   |                                                                     |                2 |              7 |
|  clk_IBUF_BUFG                                                          | risc16System_i/programer/spi_slave/inst/tx_buff_out[7]_i_1_n_0        |                                                                     |                1 |              7 |
|  clk_IBUF_BUFG                                                          | risc16System_i/programer/spi_slave/inst/rx_buff[7]_i_1_n_0            |                                                                     |                1 |              8 |
|  clk_IBUF_BUFG                                                          | risc16System_i/programer/spi_slave/inst/rx_recv_reg0                  |                                                                     |                1 |              8 |
|  risc16System_i/Clocks/VGA_25MHz_CLK/inst/clk_out1                      | risc16System_i/vga_0/inst/cur_line[5]_i_1_n_0                         | risc16System_i/vga_0/inst/horz_l_count[3]_i_1_n_0                   |                4 |              9 |
|  risc16System_i/Clocks/CLK_5MHz/inst/clk_out1                           |                                                                       |                                                                     |                3 |             10 |
|  risc16System_i/Risc16_CPU/inst/cpu_ctrl/mem_addr_reg[9]_i_1_n_0        |                                                                       |                                                                     |                4 |             10 |
|  risc16System_i/Clocks/VGA_25MHz_CLK/inst/clk_out1                      |                                                                       | risc16System_i/vga_0/inst/hcount_ov                                 |                4 |             10 |
|  risc16System_i/Clocks/clk_div_by_10/inst/clk_out                       |                                                                       |                                                                     |                5 |             11 |
|  clk_IBUF_BUFG                                                          | risc16System_i/programer/CPU_Programmer/inst/packet[39]_i_2_n_0       | risc16System_i/programer/CPU_Programmer/inst/packet[39]_i_1_n_0     |                3 |             14 |
|  risc16System_i/Memory/MCU/mem_clk                                      | risc16System_i/Memory/SYS_MEM/inst/mem[27][15]_i_1_n_0                |                                                                     |               10 |             16 |
|  risc16System_i/Memory/MCU/mem_clk                                      | risc16System_i/Memory/SYS_MEM/inst/mem[241][15]_i_1_n_0               |                                                                     |                6 |             16 |
|  risc16System_i/Memory/MCU/mem_clk                                      | risc16System_i/Memory/SYS_MEM/inst/mem[28][15]_i_1_n_0                |                                                                     |                9 |             16 |
|  risc16System_i/Memory/MCU/mem_clk                                      | risc16System_i/Memory/SYS_MEM/inst/mem[248][15]_i_1_n_0               |                                                                     |                8 |             16 |
|  risc16System_i/Memory/MCU/mem_clk                                      | risc16System_i/Memory/SYS_MEM/inst/mem[253][15]_i_1_n_0               |                                                                     |                4 |             16 |
|  risc16System_i/Memory/MCU/mem_clk                                      | risc16System_i/Memory/SYS_MEM/inst/mem[25][15]_i_1_n_0                |                                                                     |                7 |             16 |
|  risc16System_i/Memory/MCU/mem_clk                                      | risc16System_i/Memory/SYS_MEM/inst/mem[249][15]_i_1_n_0               |                                                                     |                6 |             16 |
|  risc16System_i/Memory/MCU/mem_clk                                      | risc16System_i/Memory/SYS_MEM/inst/mem[247][15]_i_1_n_0               |                                                                     |               11 |             16 |
|  risc16System_i/Memory/MCU/mem_clk                                      | risc16System_i/Memory/SYS_MEM/inst/mem[252][15]_i_1_n_0               |                                                                     |                5 |             16 |
|  risc16System_i/Memory/MCU/mem_clk                                      | risc16System_i/Memory/SYS_MEM/inst/mem[251][15]_i_1_n_0               |                                                                     |               12 |             16 |
|  risc16System_i/Memory/MCU/mem_clk                                      | risc16System_i/Memory/SYS_MEM/inst/mem[250][15]_i_1_n_0               |                                                                     |                4 |             16 |
|  risc16System_i/Memory/MCU/mem_clk                                      | risc16System_i/Memory/SYS_MEM/inst/mem[26][15]_i_1_n_0                |                                                                     |                9 |             16 |
|  risc16System_i/Memory/MCU/mem_clk                                      | risc16System_i/Memory/SYS_MEM/inst/mem[243][15]_i_1_n_0               |                                                                     |               14 |             16 |
|  risc16System_i/Memory/MCU/mem_clk                                      | risc16System_i/Memory/SYS_MEM/inst/mem[246][15]_i_1_n_0               |                                                                     |                7 |             16 |
|  risc16System_i/Memory/MCU/mem_clk                                      | risc16System_i/Memory/SYS_MEM/inst/mem[242][15]_i_1_n_0               |                                                                     |                6 |             16 |
|  risc16System_i/Memory/MCU/mem_clk                                      | risc16System_i/Memory/SYS_MEM/inst/mem[20][15]_i_1_n_0                |                                                                     |                3 |             16 |
|  risc16System_i/Memory/MCU/mem_clk                                      | risc16System_i/Memory/SYS_MEM/inst/mem[29][15]_i_1_n_0                |                                                                     |               10 |             16 |
|  risc16System_i/Memory/MCU/mem_clk                                      | risc16System_i/Memory/SYS_MEM/inst/mem[2][15]_i_1_n_0                 |                                                                     |                8 |             16 |
|  risc16System_i/Memory/MCU/mem_clk                                      | risc16System_i/Memory/SYS_MEM/inst/mem[30][15]_i_1_n_0                |                                                                     |               15 |             16 |
|  risc16System_i/Memory/MCU/mem_clk                                      | risc16System_i/Memory/SYS_MEM/inst/mem[31][15]_i_1_n_0                |                                                                     |               11 |             16 |
|  risc16System_i/Memory/MCU/mem_clk                                      | risc16System_i/Memory/SYS_MEM/inst/mem[32][15]_i_1_n_0                |                                                                     |                4 |             16 |
|  risc16System_i/Memory/MCU/mem_clk                                      | risc16System_i/Memory/SYS_MEM/inst/mem[33][15]_i_1_n_0                |                                                                     |                7 |             16 |
|  risc16System_i/Memory/MCU/mem_clk                                      | risc16System_i/Memory/SYS_MEM/inst/mem[34][15]_i_1_n_0                |                                                                     |                3 |             16 |
|  risc16System_i/Memory/MCU/mem_clk                                      | risc16System_i/Memory/SYS_MEM/inst/mem[254][15]_i_1_n_0               |                                                                     |                5 |             16 |
|  risc16System_i/Memory/MCU/mem_clk                                      | risc16System_i/Memory/SYS_MEM/inst/mem[35][15]_i_1_n_0                |                                                                     |                9 |             16 |
|  risc16System_i/Memory/MCU/mem_clk                                      | risc16System_i/Memory/SYS_MEM/inst/mem[3][15]_i_1_n_0                 |                                                                     |                7 |             16 |
|  risc16System_i/Memory/MCU/mem_clk                                      | risc16System_i/Memory/SYS_MEM/inst/mem[36][15]_i_1_n_0                |                                                                     |                6 |             16 |
|  risc16System_i/Memory/MCU/mem_clk                                      | risc16System_i/Memory/SYS_MEM/inst/mem[37][15]_i_1_n_0                |                                                                     |                7 |             16 |
|  risc16System_i/Memory/MCU/mem_clk                                      | risc16System_i/Memory/SYS_MEM/inst/mem[40][15]_i_1_n_0                |                                                                     |                8 |             16 |
|  risc16System_i/Memory/MCU/mem_clk                                      | risc16System_i/Memory/SYS_MEM/inst/mem[38][15]_i_1_n_0                |                                                                     |                9 |             16 |
|  risc16System_i/Memory/MCU/mem_clk                                      | risc16System_i/Memory/SYS_MEM/inst/mem[64][15]_i_1_n_0                |                                                                     |               10 |             16 |
|  risc16System_i/Memory/MCU/mem_clk                                      | risc16System_i/Memory/SYS_MEM/inst/mem[39][15]_i_1_n_0                |                                                                     |               11 |             16 |
|  risc16System_i/Memory/MCU/mem_clk                                      | risc16System_i/Memory/SYS_MEM/inst/mem[229][15]_i_1_n_0               |                                                                     |                8 |             16 |
|  risc16System_i/Memory/MCU/mem_clk                                      | risc16System_i/Memory/SYS_MEM/inst/mem[21][15]_i_1_n_0                |                                                                     |                6 |             16 |
|  risc16System_i/Memory/MCU/mem_clk                                      | risc16System_i/Memory/SYS_MEM/inst/mem[205][15]_i_1_n_0               |                                                                     |                9 |             16 |
|  risc16System_i/Memory/MCU/mem_clk                                      | risc16System_i/Memory/SYS_MEM/inst/mem[206][15]_i_1_n_0               |                                                                     |                9 |             16 |
|  risc16System_i/Memory/MCU/mem_clk                                      | risc16System_i/Memory/SYS_MEM/inst/mem[207][15]_i_1_n_0               |                                                                     |               11 |             16 |
|  risc16System_i/Memory/MCU/mem_clk                                      | risc16System_i/Memory/SYS_MEM/inst/mem[209][15]_i_1_n_0               |                                                                     |                5 |             16 |
|  risc16System_i/Memory/MCU/mem_clk                                      | risc16System_i/Memory/SYS_MEM/inst/mem[208][15]_i_1_n_0               |                                                                     |                8 |             16 |
|  risc16System_i/Memory/MCU/mem_clk                                      | risc16System_i/Memory/SYS_MEM/inst/mem[220][15]_i_1_n_0               |                                                                     |               10 |             16 |
|  risc16System_i/Memory/MCU/mem_clk                                      | risc16System_i/Memory/SYS_MEM/inst/mem[221][15]_i_1_n_0               |                                                                     |               10 |             16 |
|  risc16System_i/Memory/MCU/mem_clk                                      | risc16System_i/Memory/SYS_MEM/inst/mem[222][15]_i_1_n_0               |                                                                     |                8 |             16 |
|  risc16System_i/Memory/MCU/mem_clk                                      | risc16System_i/Memory/SYS_MEM/inst/mem[223][15]_i_1_n_0               |                                                                     |                9 |             16 |
|  risc16System_i/Memory/MCU/mem_clk                                      | risc16System_i/Memory/SYS_MEM/inst/mem[224][15]_i_1_n_0               |                                                                     |                7 |             16 |
|  risc16System_i/Memory/MCU/mem_clk                                      | risc16System_i/Memory/SYS_MEM/inst/mem[225][15]_i_1_n_0               |                                                                     |                3 |             16 |
|  risc16System_i/Memory/MCU/mem_clk                                      | risc16System_i/Memory/SYS_MEM/inst/mem[226][15]_i_1_n_0               |                                                                     |                5 |             16 |
|  risc16System_i/Memory/MCU/mem_clk                                      | risc16System_i/Memory/SYS_MEM/inst/mem[227][15]_i_1_n_0               |                                                                     |                7 |             16 |
|  risc16System_i/Memory/MCU/mem_clk                                      | risc16System_i/Memory/SYS_MEM/inst/mem[228][15]_i_1_n_0               |                                                                     |                5 |             16 |
|  risc16System_i/Memory/MCU/mem_clk                                      | risc16System_i/Memory/SYS_MEM/inst/mem[240][15]_i_1_n_0               |                                                                     |                5 |             16 |
|  risc16System_i/Memory/MCU/mem_clk                                      | risc16System_i/Memory/SYS_MEM/inst/mem[22][15]_i_1_n_0                |                                                                     |                3 |             16 |
|  risc16System_i/Memory/MCU/mem_clk                                      | risc16System_i/Memory/SYS_MEM/inst/mem[230][15]_i_1_n_0               |                                                                     |                3 |             16 |
|  risc16System_i/Memory/MCU/mem_clk                                      | risc16System_i/Memory/SYS_MEM/inst/mem[245][15]_i_1_n_0               |                                                                     |                8 |             16 |
|  risc16System_i/Memory/MCU/mem_clk                                      | risc16System_i/Memory/SYS_MEM/inst/mem[231][15]_i_1_n_0               |                                                                     |               13 |             16 |
|  risc16System_i/Memory/MCU/mem_clk                                      | risc16System_i/Memory/SYS_MEM/inst/mem[232][15]_i_1_n_0               |                                                                     |                6 |             16 |
|  risc16System_i/Memory/MCU/mem_clk                                      | risc16System_i/Memory/SYS_MEM/inst/mem[233][15]_i_1_n_0               |                                                                     |                7 |             16 |
|  risc16System_i/Memory/MCU/mem_clk                                      | risc16System_i/Memory/SYS_MEM/inst/mem[234][15]_i_1_n_0               |                                                                     |                9 |             16 |
|  risc16System_i/Memory/MCU/mem_clk                                      | risc16System_i/Memory/SYS_MEM/inst/mem[235][15]_i_1_n_0               |                                                                     |                9 |             16 |
|  risc16System_i/Memory/MCU/mem_clk                                      | risc16System_i/Memory/SYS_MEM/inst/mem[236][15]_i_1_n_0               |                                                                     |                7 |             16 |
|  risc16System_i/Memory/MCU/mem_clk                                      | risc16System_i/Memory/SYS_MEM/inst/mem[237][15]_i_1_n_0               |                                                                     |               14 |             16 |
|  risc16System_i/Memory/MCU/mem_clk                                      | risc16System_i/Memory/SYS_MEM/inst/mem[238][15]_i_1_n_0               |                                                                     |                9 |             16 |
|  risc16System_i/Memory/MCU/mem_clk                                      | risc16System_i/Memory/SYS_MEM/inst/mem[239][15]_i_1_n_0               |                                                                     |                9 |             16 |
|  risc16System_i/Memory/MCU/mem_clk                                      | risc16System_i/Memory/SYS_MEM/inst/mem[24][15]_i_1_n_0                |                                                                     |                4 |             16 |
|  risc16System_i/Memory/MCU/mem_clk                                      | risc16System_i/Memory/SYS_MEM/inst/mem[23][15]_i_1_n_0                |                                                                     |                6 |             16 |
|  risc16System_i/Memory/MCU/mem_clk                                      | risc16System_i/Memory/SYS_MEM/inst/mem[244][15]_i_1_n_0               |                                                                     |                5 |             16 |
|  risc16System_i/Memory/MCU/mem_clk                                      | risc16System_i/Memory/SYS_MEM/inst/mem[79][15]_i_1_n_0                |                                                                     |               13 |             16 |
|  risc16System_i/Memory/MCU/mem_clk                                      | risc16System_i/Memory/SYS_MEM/inst/mem[86][15]_i_1_n_0                |                                                                     |               11 |             16 |
|  risc16System_i/Memory/MCU/mem_clk                                      | risc16System_i/Memory/SYS_MEM/inst/mem[85][15]_i_1_n_0                |                                                                     |               14 |             16 |
|  risc16System_i/Memory/MCU/mem_clk                                      | risc16System_i/Memory/SYS_MEM/inst/mem[84][15]_i_1_n_0                |                                                                     |                8 |             16 |
|  risc16System_i/Memory/MCU/mem_clk                                      | risc16System_i/Memory/SYS_MEM/inst/mem[83][15]_i_1_n_0                |                                                                     |                8 |             16 |
|  risc16System_i/Memory/MCU/mem_clk                                      | risc16System_i/Memory/SYS_MEM/inst/mem[82][15]_i_1_n_0                |                                                                     |                6 |             16 |
|  risc16System_i/Memory/MCU/mem_clk                                      | risc16System_i/Memory/SYS_MEM/inst/mem[81][15]_i_1_n_0                |                                                                     |               13 |             16 |
|  risc16System_i/Memory/MCU/mem_clk                                      | risc16System_i/Memory/SYS_MEM/inst/mem[80][15]_i_1_n_0                |                                                                     |                7 |             16 |
|  risc16System_i/Memory/MCU/mem_clk                                      | risc16System_i/Memory/SYS_MEM/inst/mem[7][15]_i_1_n_0                 |                                                                     |                7 |             16 |
|  risc16System_i/Memory/MCU/mem_clk                                      | risc16System_i/Memory/SYS_MEM/inst/mem[87][15]_i_1_n_0                |                                                                     |               11 |             16 |
|  risc16System_i/Memory/MCU/mem_clk                                      | risc16System_i/Memory/SYS_MEM/inst/mem[78][15]_i_1_n_0                |                                                                     |               13 |             16 |
|  risc16System_i/Memory/MCU/mem_clk                                      | risc16System_i/Memory/SYS_MEM/inst/mem[77][15]_i_1_n_0                |                                                                     |               11 |             16 |
|  risc16System_i/Memory/MCU/mem_clk                                      | risc16System_i/Memory/SYS_MEM/inst/mem[76][15]_i_1_n_0                |                                                                     |               11 |             16 |
|  risc16System_i/Memory/MCU/mem_clk                                      | risc16System_i/Memory/SYS_MEM/inst/mem[75][15]_i_1_n_0                |                                                                     |                8 |             16 |
|  risc16System_i/Memory/MCU/mem_clk                                      | risc16System_i/Memory/SYS_MEM/inst/mem[73][15]_i_1_n_0                |                                                                     |               11 |             16 |
|  risc16System_i/Memory/MCU/mem_clk                                      | risc16System_i/Memory/SYS_MEM/inst/mem[74][15]_i_1_n_0                |                                                                     |                9 |             16 |
|  risc16System_i/Memory/MCU/mem_clk                                      | risc16System_i/Memory/SYS_MEM/inst/mem[72][15]_i_1_n_0                |                                                                     |                8 |             16 |
|  risc16System_i/Memory/MCU/mem_clk                                      | risc16System_i/Memory/SYS_MEM/inst/mem[71][15]_i_1_n_0                |                                                                     |                9 |             16 |
|  risc16System_i/Memory/MCU/mem_clk                                      | risc16System_i/Memory/SYS_MEM/inst/mem[88][15]_i_1_n_0                |                                                                     |                9 |             16 |
|  risc16System_i/Memory/MCU/mem_clk                                      | risc16System_i/Memory/SYS_MEM/inst/mem[89][15]_i_1_n_0                |                                                                     |               12 |             16 |
|  risc16System_i/Memory/MCU/mem_clk                                      | risc16System_i/Memory/SYS_MEM/inst/mem[8][15]_i_1_n_0                 |                                                                     |               11 |             16 |
|  risc16System_i/Memory/MCU/mem_clk                                      | risc16System_i/Memory/SYS_MEM/inst/mem[90][15]_i_1_n_0                |                                                                     |                9 |             16 |
|  risc16System_i/Memory/MCU/mem_clk                                      | risc16System_i/Memory/SYS_MEM/inst/mem[91][15]_i_1_n_0                |                                                                     |                9 |             16 |
|  risc16System_i/Memory/MCU/mem_clk                                      | risc16System_i/Memory/SYS_MEM/inst/mem[92][15]_i_1_n_0                |                                                                     |               12 |             16 |
|  risc16System_i/Memory/MCU/mem_clk                                      | risc16System_i/Memory/SYS_MEM/inst/mem[93][15]_i_1_n_0                |                                                                     |               11 |             16 |
|  risc16System_i/Memory/MCU/mem_clk                                      | risc16System_i/Memory/SYS_MEM/inst/mem[94][15]_i_1_n_0                |                                                                     |               14 |             16 |
|  risc16System_i/Memory/MCU/mem_clk                                      | risc16System_i/Memory/SYS_MEM/inst/mem[95][15]_i_1_n_0                |                                                                     |               16 |             16 |
|  risc16System_i/Memory/MCU/mem_clk                                      | risc16System_i/Memory/SYS_MEM/inst/mem[96][15]_i_1_n_0                |                                                                     |               15 |             16 |
|  risc16System_i/Memory/MCU/mem_clk                                      | risc16System_i/Memory/SYS_MEM/inst/mem[97][15]_i_1_n_0                |                                                                     |               11 |             16 |
|  risc16System_i/Memory/MCU/mem_clk                                      | risc16System_i/Memory/SYS_MEM/inst/mem[98][15]_i_1_n_0                |                                                                     |                8 |             16 |
|  risc16System_i/Memory/MCU/mem_clk                                      | risc16System_i/Memory/SYS_MEM/inst/mem[99][15]_i_1_n_0                |                                                                     |               12 |             16 |
|  risc16System_i/Memory/MCU/mem_clk                                      | risc16System_i/Memory/SYS_MEM/inst/mem[9][15]_i_1_n_0                 |                                                                     |               10 |             16 |
|  risc16System_i/Memory/MCU/mem_clk                                      | risc16System_i/Memory/SYS_MEM/inst/mem_reg[0][15]_i_1_n_0             | BTND_IBUF                                                           |                4 |             16 |
|  risc16System_i/Memory/MCU/mem_clk                                      | risc16System_i/Memory/SYS_MEM/inst/mem[66][15]_i_1_n_0                |                                                                     |                8 |             16 |
|  risc16System_i/Memory/MCU/mem_clk                                      | risc16System_i/Memory/SYS_MEM/inst/mem[42][15]_i_1_n_0                |                                                                     |                8 |             16 |
|  risc16System_i/Memory/MCU/mem_clk                                      | risc16System_i/Memory/SYS_MEM/inst/mem[63][15]_i_1_n_0                |                                                                     |                8 |             16 |
|  risc16System_i/Memory/MCU/mem_clk                                      | risc16System_i/Memory/SYS_MEM/inst/mem[43][15]_i_1_n_0                |                                                                     |                7 |             16 |
|  risc16System_i/Memory/MCU/mem_clk                                      | risc16System_i/Memory/SYS_MEM/inst/mem[44][15]_i_1_n_0                |                                                                     |               10 |             16 |
|  risc16System_i/Memory/MCU/mem_clk                                      | risc16System_i/Memory/SYS_MEM/inst/mem[45][15]_i_1_n_0                |                                                                     |               13 |             16 |
|  risc16System_i/Memory/MCU/mem_clk                                      | risc16System_i/Memory/SYS_MEM/inst/mem[46][15]_i_1_n_0                |                                                                     |               12 |             16 |
|  risc16System_i/Memory/MCU/mem_clk                                      | risc16System_i/Memory/SYS_MEM/inst/mem[47][15]_i_1_n_0                |                                                                     |               13 |             16 |
|  risc16System_i/Memory/MCU/mem_clk                                      | risc16System_i/Memory/SYS_MEM/inst/mem[48][15]_i_1_n_0                |                                                                     |                4 |             16 |
|  risc16System_i/Memory/MCU/mem_clk                                      | risc16System_i/Memory/SYS_MEM/inst/mem[49][15]_i_1_n_0                |                                                                     |                7 |             16 |
|  risc16System_i/Memory/MCU/mem_clk                                      | risc16System_i/Memory/SYS_MEM/inst/mem[4][15]_i_1_n_0                 |                                                                     |               13 |             16 |
|  risc16System_i/Memory/MCU/mem_clk                                      | risc16System_i/Memory/SYS_MEM/inst/mem[50][15]_i_1_n_0                |                                                                     |                6 |             16 |
|  risc16System_i/Memory/MCU/mem_clk                                      | risc16System_i/Memory/SYS_MEM/inst/mem[65][15]_i_1_n_0                |                                                                     |                4 |             16 |
|  risc16System_i/Memory/MCU/mem_clk                                      | risc16System_i/Memory/SYS_MEM/inst/mem[51][15]_i_1_n_0                |                                                                     |                8 |             16 |
|  risc16System_i/Memory/MCU/mem_clk                                      | risc16System_i/Memory/SYS_MEM/inst/mem[58][15]_i_1_n_0                |                                                                     |                8 |             16 |
|  risc16System_i/Memory/MCU/mem_clk                                      | risc16System_i/Memory/SYS_MEM/inst/mem[52][15]_i_1_n_0                |                                                                     |                6 |             16 |
|  risc16System_i/Memory/MCU/mem_clk                                      | risc16System_i/Memory/SYS_MEM/inst/mem[41][15]_i_1_n_0                |                                                                     |                9 |             16 |
|  risc16System_i/Memory/MCU/mem_clk                                      | risc16System_i/Memory/SYS_MEM/inst/mem[53][15]_i_1_n_0                |                                                                     |               10 |             16 |
|  risc16System_i/Memory/MCU/mem_clk                                      | risc16System_i/Memory/SYS_MEM/inst/mem[54][15]_i_1_n_0                |                                                                     |                8 |             16 |
|  risc16System_i/Memory/MCU/mem_clk                                      | risc16System_i/Memory/SYS_MEM/inst/mem[55][15]_i_1_n_0                |                                                                     |               10 |             16 |
|  risc16System_i/Memory/MCU/mem_clk                                      | risc16System_i/Memory/SYS_MEM/inst/mem[59][15]_i_1_n_0                |                                                                     |                9 |             16 |
|  risc16System_i/Memory/MCU/mem_clk                                      | risc16System_i/Memory/SYS_MEM/inst/mem[5][15]_i_1_n_0                 |                                                                     |                6 |             16 |
|  risc16System_i/Memory/MCU/mem_clk                                      | risc16System_i/Memory/SYS_MEM/inst/mem[60][15]_i_1_n_0                |                                                                     |                9 |             16 |
|  risc16System_i/Memory/MCU/mem_clk                                      | risc16System_i/Memory/SYS_MEM/inst/mem[61][15]_i_1_n_0                |                                                                     |                8 |             16 |
|  risc16System_i/Memory/MCU/mem_clk                                      | risc16System_i/Memory/SYS_MEM/inst/mem[67][15]_i_1_n_0                |                                                                     |               11 |             16 |
|  risc16System_i/Memory/MCU/mem_clk                                      | risc16System_i/Memory/SYS_MEM/inst/mem[62][15]_i_1_n_0                |                                                                     |               12 |             16 |
|  risc16System_i/Memory/MCU/mem_clk                                      | risc16System_i/Memory/SYS_MEM/inst/mem[57][15]_i_1_n_0                |                                                                     |                4 |             16 |
|  risc16System_i/Memory/MCU/mem_clk                                      | risc16System_i/Memory/SYS_MEM/inst/mem[56][15]_i_1_n_0                |                                                                     |                8 |             16 |
|  risc16System_i/Memory/MCU/mem_clk                                      | risc16System_i/Memory/SYS_MEM/inst/mem[68][15]_i_1_n_0                |                                                                     |                9 |             16 |
|  risc16System_i/Memory/MCU/mem_clk                                      | risc16System_i/Memory/SYS_MEM/inst/mem[69][15]_i_1_n_0                |                                                                     |                8 |             16 |
|  risc16System_i/Memory/MCU/mem_clk                                      | risc16System_i/Memory/SYS_MEM/inst/mem[6][15]_i_1_n_0                 |                                                                     |                8 |             16 |
|  risc16System_i/Memory/MCU/mem_clk                                      | risc16System_i/Memory/SYS_MEM/inst/mem[70][15]_i_1_n_0                |                                                                     |                9 |             16 |
|  risc16System_i/Memory/MCU/mem_clk                                      | risc16System_i/Memory/SYS_MEM/inst/mem[130][15]_i_1_n_0               |                                                                     |                7 |             16 |
|  risc16System_i/Memory/MCU/mem_clk                                      | risc16System_i/Memory/SYS_MEM/inst/mem[181][15]_i_1_n_0               |                                                                     |               10 |             16 |
|  risc16System_i/Memory/MCU/mem_clk                                      | risc16System_i/Memory/SYS_MEM/inst/mem[137][15]_i_1_n_0               |                                                                     |               10 |             16 |
|  risc16System_i/Memory/MCU/mem_clk                                      | risc16System_i/Memory/SYS_MEM/inst/mem[136][15]_i_1_n_0               |                                                                     |                7 |             16 |
|  risc16System_i/Memory/MCU/mem_clk                                      | risc16System_i/Memory/SYS_MEM/inst/mem[135][15]_i_1_n_0               |                                                                     |                9 |             16 |
|  risc16System_i/Memory/MCU/mem_clk                                      | risc16System_i/Memory/SYS_MEM/inst/mem[134][15]_i_1_n_0               |                                                                     |                4 |             16 |
|  risc16System_i/Memory/MCU/mem_clk                                      | risc16System_i/Memory/SYS_MEM/inst/mem[133][15]_i_1_n_0               |                                                                     |               10 |             16 |
|  risc16System_i/Memory/MCU/mem_clk                                      | risc16System_i/Memory/SYS_MEM/inst/mem[132][15]_i_1_n_0               |                                                                     |                8 |             16 |
|  risc16System_i/Memory/MCU/mem_clk                                      | risc16System_i/Memory/SYS_MEM/inst/mem[131][15]_i_1_n_0               |                                                                     |                7 |             16 |
|  risc16System_i/Memory/MCU/mem_clk                                      | risc16System_i/Memory/SYS_MEM/inst/mem[138][15]_i_1_n_0               |                                                                     |               10 |             16 |
|  risc16System_i/Memory/MCU/mem_clk                                      | risc16System_i/Memory/SYS_MEM/inst/mem[124][15]_i_1_n_0               |                                                                     |               10 |             16 |
|  risc16System_i/Memory/MCU/mem_clk                                      | risc16System_i/Memory/SYS_MEM/inst/mem[128][15]_i_1_n_0               |                                                                     |                8 |             16 |
|  risc16System_i/Memory/MCU/mem_clk                                      | risc16System_i/Memory/SYS_MEM/inst/mem[123][15]_i_1_n_0               |                                                                     |                7 |             16 |
|  risc16System_i/Memory/MCU/mem_clk                                      | risc16System_i/Memory/SYS_MEM/inst/mem[122][15]_i_1_n_0               |                                                                     |                8 |             16 |
|  risc16System_i/Memory/MCU/mem_clk                                      | risc16System_i/Memory/SYS_MEM/inst/mem[12][15]_i_1_n_0                |                                                                     |                5 |             16 |
|  risc16System_i/Memory/MCU/mem_clk                                      | risc16System_i/Memory/SYS_MEM/inst/mem[107][15]_i_1_n_0               |                                                                     |                8 |             16 |
|  risc16System_i/Memory/MCU/mem_clk                                      | risc16System_i/Memory/SYS_MEM/inst/mem[108][15]_i_1_n_0               |                                                                     |               11 |             16 |
|  risc16System_i/Memory/MCU/mem_clk                                      | risc16System_i/Memory/SYS_MEM/inst/mem[109][15]_i_1_n_0               |                                                                     |               11 |             16 |
|  risc16System_i/Memory/MCU/mem_clk                                      | risc16System_i/Memory/SYS_MEM/inst/mem[13][15]_i_1_n_0                |                                                                     |                4 |             16 |
|  risc16System_i/Memory/MCU/mem_clk                                      | risc16System_i/Memory/SYS_MEM/inst/mem[149][15]_i_1_n_0               |                                                                     |               10 |             16 |
|  risc16System_i/Memory/MCU/mem_clk                                      | risc16System_i/Memory/SYS_MEM/inst/mem[218][15]_i_1_n_0               |                                                                     |                5 |             16 |
|  risc16System_i/Memory/MCU/mem_clk                                      | risc16System_i/Memory/SYS_MEM/inst/mem[147][15]_i_1_n_0               |                                                                     |                5 |             16 |
|  risc16System_i/Memory/MCU/mem_clk                                      | risc16System_i/Memory/SYS_MEM/inst/mem[146][15]_i_1_n_0               |                                                                     |                7 |             16 |
|  risc16System_i/Memory/MCU/mem_clk                                      | risc16System_i/Memory/SYS_MEM/inst/mem[145][15]_i_1_n_0               |                                                                     |                6 |             16 |
|  risc16System_i/Memory/MCU/mem_clk                                      | risc16System_i/Memory/SYS_MEM/inst/mem[144][15]_i_1_n_0               |                                                                     |                9 |             16 |
|  risc16System_i/Memory/MCU/mem_clk                                      | risc16System_i/Memory/SYS_MEM/inst/mem[143][15]_i_1_n_0               |                                                                     |               15 |             16 |
|  risc16System_i/Memory/MCU/mem_clk                                      | risc16System_i/Memory/SYS_MEM/inst/mem[180][15]_i_1_n_0               |                                                                     |                8 |             16 |
|  risc16System_i/Memory/MCU/mem_clk                                      | risc16System_i/Memory/SYS_MEM/inst/mem[10][15]_i_1_n_0                |                                                                     |                6 |             16 |
|  risc16System_i/Memory/MCU/mem_clk                                      | risc16System_i/Memory/SYS_MEM/inst/mem[140][15]_i_1_n_0               |                                                                     |                9 |             16 |
|  risc16System_i/Memory/MCU/mem_clk                                      | risc16System_i/Memory/SYS_MEM/inst/mem[141][15]_i_1_n_0               |                                                                     |               12 |             16 |
|  risc16System_i/Memory/MCU/mem_clk                                      | risc16System_i/Memory/SYS_MEM/inst/mem[142][15]_i_1_n_0               |                                                                     |               12 |             16 |
|  risc16System_i/Memory/MCU/mem_clk                                      | risc16System_i/Memory/SYS_MEM/inst/mem[125][15]_i_1_n_0               |                                                                     |               15 |             16 |
|  risc16System_i/Memory/MCU/mem_clk                                      | risc16System_i/Memory/SYS_MEM/inst/mem[139][15]_i_1_n_0               |                                                                     |               12 |             16 |
|  risc16System_i/Memory/MCU/mem_clk                                      | risc16System_i/Memory/SYS_MEM/inst/mem[126][15]_i_1_n_0               |                                                                     |               13 |             16 |
|  risc16System_i/Memory/MCU/mem_clk                                      | risc16System_i/Memory/SYS_MEM/inst/mem[127][15]_i_1_n_0               |                                                                     |               11 |             16 |
|  risc16System_i/Clocks/Clk_Mux/inst/mux_out                             | risc16System_i/Risc16_CPU/inst/cpu_ctrl/ir[11][0]                     |                                                                     |                6 |             16 |
|  risc16System_i/Memory/MCU/mem_clk                                      | risc16System_i/Memory/SYS_MEM/inst/mem[103][15]_i_1_n_0               |                                                                     |                7 |             16 |
|  risc16System_i/Memory/MCU/mem_clk                                      | risc16System_i/Memory/SYS_MEM/inst/mem[104][15]_i_1_n_0               |                                                                     |                7 |             16 |
|  risc16System_i/Memory/MCU/mem_clk                                      | risc16System_i/Memory/SYS_MEM/inst/mem[117][15]_i_1_n_0               |                                                                     |               11 |             16 |
|  risc16System_i/Memory/MCU/mem_clk                                      | risc16System_i/Memory/SYS_MEM/inst/mem[105][15]_i_1_n_0               |                                                                     |                7 |             16 |
|  risc16System_i/Memory/MCU/mem_clk                                      | risc16System_i/Memory/Ctrl_Registers/inst/mem                         |                                                                     |                8 |             16 |
|  risc16System_i/Memory/MCU/mem_clk                                      | risc16System_i/Memory/Ctrl_Registers/inst/mem[0][0]_i_1_n_0           |                                                                     |                5 |             16 |
|  clk_IBUF_BUFG                                                          |                                                                       |                                                                     |                7 |             16 |
|  risc16System_i/Clocks/Clk_Mux/inst/mux_out                             | risc16System_i/Risc16_CPU/inst/cpu_ctrl/ir[11]_1[0]                   |                                                                     |                5 |             16 |
|  risc16System_i/Memory/MCU/mem_clk                                      | risc16System_i/Memory/SYS_MEM/inst/mem[102][15]_i_1_n_0               |                                                                     |                8 |             16 |
|  risc16System_i/Clocks/Clk_Mux/inst/mux_out                             | risc16System_i/Risc16_CPU/inst/cpu_ctrl/ir[11]_2[0]                   |                                                                     |                6 |             16 |
|  risc16System_i/Clocks/Clk_Mux/inst/mux_out                             | risc16System_i/Risc16_CPU/inst/cpu_ctrl/ir[12]_0[0]                   |                                                                     |                6 |             16 |
|  risc16System_i/Clocks/Clk_Mux/inst/mux_out                             | risc16System_i/Risc16_CPU/inst/cpu_ctrl/ir[12]_1[0]                   |                                                                     |                7 |             16 |
|  risc16System_i/Clocks/Clk_Mux/inst/mux_out                             | risc16System_i/Risc16_CPU/inst/cpu_ctrl/ir[12][0]                     |                                                                     |               11 |             16 |
|  risc16System_i/Clocks/Clk_Mux/inst/mux_out                             | risc16System_i/Risc16_CPU/inst/cpu_ctrl/E[0]                          | BTND_IBUF                                                           |                6 |             16 |
|  risc16System_i/Clocks/Clk_Mux/inst/mux_out                             | risc16System_i/Risc16_CPU/inst/cpu_ctrl/ir[11]_0[0]                   |                                                                     |                8 |             16 |
|  risc16System_i/Risc16_CPU/inst/cpu_ctrl/gpr_write_data_reg[15]_i_2_n_0 |                                                                       |                                                                     |                6 |             16 |
|  risc16System_i/Memory/MCU/mem_clk                                      | risc16System_i/Memory/SYS_MEM/inst/mem[106][15]_i_1_n_0               |                                                                     |                7 |             16 |
|  risc16System_i/Memory/MCU/mem_clk                                      | risc16System_i/Memory/SYS_MEM/inst/mem[110][15]_i_1_n_0               |                                                                     |               10 |             16 |
|  risc16System_i/Memory/MCU/mem_clk                                      | risc16System_i/Memory/SYS_MEM/inst/mem[111][15]_i_1_n_0               |                                                                     |               12 |             16 |
|  risc16System_i/Memory/MCU/mem_clk                                      | risc16System_i/Memory/SYS_MEM/inst/mem[112][15]_i_1_n_0               |                                                                     |                8 |             16 |
|  risc16System_i/Memory/MCU/mem_clk                                      | risc16System_i/Memory/SYS_MEM/inst/mem[113][15]_i_1_n_0               |                                                                     |                9 |             16 |
|  risc16System_i/Memory/MCU/mem_clk                                      | risc16System_i/Memory/SYS_MEM/inst/mem[114][15]_i_1_n_0               |                                                                     |                6 |             16 |
|  risc16System_i/Memory/MCU/mem_clk                                      | risc16System_i/Memory/SYS_MEM/inst/mem[115][15]_i_1_n_0               |                                                                     |                8 |             16 |
|  risc16System_i/Memory/MCU/mem_clk                                      | risc16System_i/Memory/SYS_MEM/inst/mem[129][15]_i_1_n_0               |                                                                     |                5 |             16 |
|  risc16System_i/Memory/MCU/mem_clk                                      | risc16System_i/Memory/SYS_MEM/inst/mem[116][15]_i_1_n_0               |                                                                     |               10 |             16 |
|  risc16System_i/Memory/MCU/mem_clk                                      | risc16System_i/Memory/SYS_MEM/inst/mem[148][15]_i_1_n_0               |                                                                     |               10 |             16 |
|  risc16System_i/Memory/MCU/mem_clk                                      | risc16System_i/Memory/SYS_MEM/inst/mem[121][15]_i_1_n_0               |                                                                     |               13 |             16 |
|  risc16System_i/Memory/MCU/mem_clk                                      | risc16System_i/Memory/SYS_MEM/inst/mem[118][15]_i_1_n_0               |                                                                     |               13 |             16 |
|  risc16System_i/Memory/MCU/mem_clk                                      | risc16System_i/Memory/SYS_MEM/inst/mem[119][15]_i_1_n_0               |                                                                     |                7 |             16 |
|  risc16System_i/Memory/MCU/mem_clk                                      | risc16System_i/Memory/SYS_MEM/inst/mem[11][15]_i_1_n_0                |                                                                     |                3 |             16 |
|  risc16System_i/Memory/MCU/mem_clk                                      | risc16System_i/Memory/SYS_MEM/inst/mem[120][15]_i_1_n_0               |                                                                     |                5 |             16 |
|  risc16System_i/Memory/MCU/mem_clk                                      | risc16System_i/Memory/SYS_MEM/inst/mem[100][15]_i_1_n_0               |                                                                     |                9 |             16 |
|  risc16System_i/Memory/MCU/mem_clk                                      | risc16System_i/Memory/SYS_MEM/inst/mem[101][15]_i_1_n_0               |                                                                     |               11 |             16 |
|  risc16System_i/Memory/MCU/mem_clk                                      | risc16System_i/Memory/SYS_MEM/inst/mem[192][15]_i_1_n_0               |                                                                     |                7 |             16 |
|  risc16System_i/Memory/MCU/mem_clk                                      | risc16System_i/Memory/SYS_MEM/inst/mem[197][15]_i_1_n_0               |                                                                     |                6 |             16 |
|  risc16System_i/Memory/MCU/mem_clk                                      | risc16System_i/Memory/SYS_MEM/inst/mem[196][15]_i_1_n_0               |                                                                     |               11 |             16 |
|  risc16System_i/Memory/MCU/mem_clk                                      | risc16System_i/Memory/SYS_MEM/inst/mem[195][15]_i_1_n_0               |                                                                     |                7 |             16 |
|  risc16System_i/Memory/MCU/mem_clk                                      | risc16System_i/Memory/SYS_MEM/inst/mem[194][15]_i_1_n_0               |                                                                     |                4 |             16 |
|  risc16System_i/Memory/MCU/mem_clk                                      | risc16System_i/Memory/SYS_MEM/inst/mem[193][15]_i_1_n_0               |                                                                     |                7 |             16 |
|  risc16System_i/Memory/MCU/mem_clk                                      | risc16System_i/Memory/SYS_MEM/inst/mem[190][15]_i_1_n_0               |                                                                     |               11 |             16 |
|  risc16System_i/Memory/MCU/mem_clk                                      | risc16System_i/Memory/SYS_MEM/inst/mem[217][15]_i_1_n_0               |                                                                     |                7 |             16 |
|  risc16System_i/Memory/MCU/mem_clk                                      | risc16System_i/Memory/SYS_MEM/inst/mem[18][15]_i_1_n_0                |                                                                     |                4 |             16 |
|  risc16System_i/Memory/MCU/mem_clk                                      | risc16System_i/Memory/SYS_MEM/inst/mem[198][15]_i_1_n_0               |                                                                     |                9 |             16 |
|  risc16System_i/Memory/MCU/mem_clk                                      | risc16System_i/Memory/SYS_MEM/inst/mem[189][15]_i_1_n_0               |                                                                     |               10 |             16 |
|  risc16System_i/Memory/MCU/mem_clk                                      | risc16System_i/Memory/SYS_MEM/inst/mem[188][15]_i_1_n_0               |                                                                     |                8 |             16 |
|  risc16System_i/Memory/MCU/mem_clk                                      | risc16System_i/Memory/SYS_MEM/inst/mem[187][15]_i_1_n_0               |                                                                     |                6 |             16 |
|  risc16System_i/Memory/MCU/mem_clk                                      | risc16System_i/Memory/SYS_MEM/inst/mem[186][15]_i_1_n_0               |                                                                     |               11 |             16 |
|  risc16System_i/Memory/MCU/mem_clk                                      | risc16System_i/Memory/SYS_MEM/inst/mem[185][15]_i_1_n_0               |                                                                     |                8 |             16 |
|  risc16System_i/Memory/MCU/mem_clk                                      | risc16System_i/Memory/SYS_MEM/inst/mem[14][15]_i_1_n_0                |                                                                     |                4 |             16 |
|  risc16System_i/Memory/MCU/mem_clk                                      | risc16System_i/Memory/SYS_MEM/inst/mem[169][15]_i_1_n_0               |                                                                     |                8 |             16 |
|  risc16System_i/Memory/MCU/mem_clk                                      | risc16System_i/Memory/SYS_MEM/inst/mem[16][15]_i_1_n_0                |                                                                     |                5 |             16 |
|  risc16System_i/Memory/MCU/mem_clk                                      | risc16System_i/Memory/SYS_MEM/inst/mem[210][15]_i_1_n_0               |                                                                     |                5 |             16 |
|  risc16System_i/Memory/MCU/mem_clk                                      | risc16System_i/Memory/SYS_MEM/inst/mem[213][15]_i_1_n_0               |                                                                     |                9 |             16 |
|  risc16System_i/Memory/MCU/mem_clk                                      | risc16System_i/Memory/SYS_MEM/inst/mem[212][15]_i_1_n_0               |                                                                     |               11 |             16 |
|  risc16System_i/Memory/MCU/mem_clk                                      | risc16System_i/Memory/SYS_MEM/inst/mem[214][15]_i_1_n_0               |                                                                     |               11 |             16 |
|  risc16System_i/Memory/MCU/mem_clk                                      | risc16System_i/Memory/SYS_MEM/inst/mem[204][15]_i_1_n_0               |                                                                     |                9 |             16 |
|  risc16System_i/Memory/MCU/mem_clk                                      | risc16System_i/Memory/SYS_MEM/inst/mem[203][15]_i_1_n_0               |                                                                     |                9 |             16 |
|  risc16System_i/Memory/MCU/mem_clk                                      | risc16System_i/Memory/SYS_MEM/inst/mem[215][15]_i_1_n_0               |                                                                     |               11 |             16 |
|  risc16System_i/Memory/MCU/mem_clk                                      | risc16System_i/Memory/SYS_MEM/inst/mem[202][15]_i_1_n_0               |                                                                     |                4 |             16 |
|  risc16System_i/Memory/MCU/mem_clk                                      | risc16System_i/Memory/SYS_MEM/inst/mem[211][15]_i_1_n_0               |                                                                     |                7 |             16 |
|  risc16System_i/Memory/MCU/mem_clk                                      | risc16System_i/Memory/SYS_MEM/inst/mem[216][15]_i_1_n_0               |                                                                     |                3 |             16 |
|  risc16System_i/Memory/MCU/mem_clk                                      | risc16System_i/Memory/SYS_MEM/inst/mem[191][15]_i_1_n_0               |                                                                     |               12 |             16 |
|  risc16System_i/Memory/MCU/mem_clk                                      | risc16System_i/Memory/SYS_MEM/inst/mem[201][15]_i_1_n_0               |                                                                     |                9 |             16 |
|  risc16System_i/Memory/MCU/mem_clk                                      | risc16System_i/Memory/SYS_MEM/inst/mem[200][15]_i_1_n_0               |                                                                     |                5 |             16 |
|  risc16System_i/Memory/MCU/mem_clk                                      | risc16System_i/Memory/SYS_MEM/inst/mem[1][15]_i_1_n_0                 |                                                                     |                8 |             16 |
|  risc16System_i/Memory/MCU/mem_clk                                      | risc16System_i/Memory/SYS_MEM/inst/mem[219][15]_i_1_n_0               |                                                                     |                7 |             16 |
|  risc16System_i/Memory/MCU/mem_clk                                      | risc16System_i/Memory/SYS_MEM/inst/mem[19][15]_i_1_n_0                |                                                                     |                7 |             16 |
|  risc16System_i/Memory/MCU/mem_clk                                      | risc16System_i/Memory/SYS_MEM/inst/mem[199][15]_i_1_n_0               |                                                                     |                9 |             16 |
|  risc16System_i/Memory/MCU/mem_clk                                      | risc16System_i/Memory/SYS_MEM/inst/mem[157][15]_i_1_n_0               |                                                                     |               11 |             16 |
|  risc16System_i/Memory/MCU/mem_clk                                      | risc16System_i/Memory/SYS_MEM/inst/mem[163][15]_i_1_n_0               |                                                                     |                6 |             16 |
|  risc16System_i/Memory/MCU/mem_clk                                      | risc16System_i/Memory/SYS_MEM/inst/mem[170][15]_i_1_n_0               |                                                                     |               11 |             16 |
|  risc16System_i/Memory/MCU/mem_clk                                      | risc16System_i/Memory/SYS_MEM/inst/mem[161][15]_i_1_n_0               |                                                                     |                5 |             16 |
|  risc16System_i/Memory/MCU/mem_clk                                      | risc16System_i/Memory/SYS_MEM/inst/mem[160][15]_i_1_n_0               |                                                                     |                8 |             16 |
|  risc16System_i/Memory/MCU/mem_clk                                      | risc16System_i/Memory/SYS_MEM/inst/mem[15][15]_i_1_n_0                |                                                                     |                5 |             16 |
|  risc16System_i/Memory/MCU/mem_clk                                      | risc16System_i/Memory/SYS_MEM/inst/mem[179][15]_i_1_n_0               |                                                                     |                6 |             16 |
|  risc16System_i/Memory/MCU/mem_clk                                      | risc16System_i/Memory/SYS_MEM/inst/mem[159][15]_i_1_n_0               |                                                                     |                9 |             16 |
|  risc16System_i/Memory/MCU/mem_clk                                      | risc16System_i/Memory/SYS_MEM/inst/mem[158][15]_i_1_n_0               |                                                                     |               14 |             16 |
|  risc16System_i/Memory/MCU/mem_clk                                      | risc16System_i/Memory/SYS_MEM/inst/mem[162][15]_i_1_n_0               |                                                                     |                5 |             16 |
|  risc16System_i/Memory/MCU/mem_clk                                      | risc16System_i/Memory/SYS_MEM/inst/mem[156][15]_i_1_n_0               |                                                                     |               14 |             16 |
|  risc16System_i/Memory/MCU/mem_clk                                      | risc16System_i/Memory/SYS_MEM/inst/mem[155][15]_i_1_n_0               |                                                                     |                6 |             16 |
|  risc16System_i/Memory/MCU/mem_clk                                      | risc16System_i/Memory/SYS_MEM/inst/mem[154][15]_i_1_n_0               |                                                                     |                7 |             16 |
|  risc16System_i/Memory/MCU/mem_clk                                      | risc16System_i/Memory/SYS_MEM/inst/mem[153][15]_i_1_n_0               |                                                                     |                8 |             16 |
|  risc16System_i/Memory/MCU/mem_clk                                      | risc16System_i/Memory/SYS_MEM/inst/mem[152][15]_i_1_n_0               |                                                                     |                4 |             16 |
|  risc16System_i/Memory/MCU/mem_clk                                      | risc16System_i/Memory/SYS_MEM/inst/mem[151][15]_i_1_n_0               |                                                                     |               10 |             16 |
|  risc16System_i/Memory/MCU/mem_clk                                      | risc16System_i/Memory/SYS_MEM/inst/mem[150][15]_i_1_n_0               |                                                                     |                5 |             16 |
|  risc16System_i/Memory/MCU/mem_clk                                      | risc16System_i/Memory/SYS_MEM/inst/mem[168][15]_i_1_n_0               |                                                                     |                7 |             16 |
|  risc16System_i/Memory/MCU/mem_clk                                      | risc16System_i/Memory/SYS_MEM/inst/mem[171][15]_i_1_n_0               |                                                                     |                9 |             16 |
|  risc16System_i/Memory/MCU/mem_clk                                      | risc16System_i/Memory/SYS_MEM/inst/mem[172][15]_i_1_n_0               |                                                                     |                9 |             16 |
|  risc16System_i/Memory/MCU/mem_clk                                      | risc16System_i/Memory/SYS_MEM/inst/mem[173][15]_i_1_n_0               |                                                                     |                8 |             16 |
|  risc16System_i/Memory/MCU/mem_clk                                      | risc16System_i/Memory/SYS_MEM/inst/mem[174][15]_i_1_n_0               |                                                                     |               12 |             16 |
|  risc16System_i/Memory/MCU/mem_clk                                      | risc16System_i/Memory/SYS_MEM/inst/mem[175][15]_i_1_n_0               |                                                                     |               14 |             16 |
|  risc16System_i/Memory/MCU/mem_clk                                      | risc16System_i/Memory/SYS_MEM/inst/mem[176][15]_i_1_n_0               |                                                                     |                9 |             16 |
|  risc16System_i/Memory/MCU/mem_clk                                      | risc16System_i/Memory/SYS_MEM/inst/mem[177][15]_i_1_n_0               |                                                                     |                4 |             16 |
|  risc16System_i/Memory/MCU/mem_clk                                      | risc16System_i/Memory/SYS_MEM/inst/mem[178][15]_i_1_n_0               |                                                                     |                4 |             16 |
|  risc16System_i/Memory/MCU/mem_clk                                      | risc16System_i/Memory/SYS_MEM/inst/mem[182][15]_i_1_n_0               |                                                                     |               11 |             16 |
|  risc16System_i/Memory/MCU/mem_clk                                      | risc16System_i/Memory/SYS_MEM/inst/mem[184][15]_i_1_n_0               |                                                                     |                8 |             16 |
|  risc16System_i/Memory/MCU/mem_clk                                      | risc16System_i/Memory/SYS_MEM/inst/mem[167][15]_i_1_n_0               |                                                                     |                8 |             16 |
|  risc16System_i/Memory/MCU/mem_clk                                      | risc16System_i/Memory/SYS_MEM/inst/mem[166][15]_i_1_n_0               |                                                                     |                9 |             16 |
|  risc16System_i/Memory/MCU/mem_clk                                      | risc16System_i/Memory/SYS_MEM/inst/mem[183][15]_i_1_n_0               |                                                                     |                7 |             16 |
|  risc16System_i/Memory/MCU/mem_clk                                      | risc16System_i/Memory/SYS_MEM/inst/mem[165][15]_i_1_n_0               |                                                                     |                6 |             16 |
|  risc16System_i/Memory/MCU/mem_clk                                      | risc16System_i/Memory/SYS_MEM/inst/mem[17][15]_i_1_n_0                |                                                                     |                5 |             16 |
|  risc16System_i/Memory/MCU/mem_clk                                      | risc16System_i/Memory/SYS_MEM/inst/mem[164][15]_i_1_n_0               |                                                                     |               10 |             16 |
|  risc16System_i/Clocks/VGA_25MHz_CLK/inst/clk_out1                      |                                                                       |                                                                     |                5 |             18 |
|  clk_IBUF_BUFG                                                          | risc16System_i/programer/CPU_Programmer/inst/packet[39]_i_2_n_0       | risc16System_i/programer/CPU_Programmer/inst/packet[25]_i_1_n_0     |                5 |             26 |
|  clk_IBUF_BUFG                                                          | risc16System_i/programer/CPU_Programmer/inst/pgm_data_reg[15]_i_1_n_0 |                                                                     |                6 |             32 |
|  risc16System_i/Memory/MCU/inst/addr_out_reg[15]_i_2_n_0                |                                                                       |                                                                     |               13 |             33 |
|  risc16System_i/Clocks/VGA_25MHz_CLK/inst/clk_out1                      | risc16System_i/vga_0/inst/sel                                         |                                                                     |              221 |            751 |
+-------------------------------------------------------------------------+-----------------------------------------------------------------------+---------------------------------------------------------------------+------------------+----------------+


